C:\Users\Windows 11\Downloads\MemoryLink02_quizzes_only_fixed\MemoryLink02\ml\src\main\java\com\memorylink\config\DataInitializer.java
C:\Users\Windows 11\Downloads\MemoryLink02_quizzes_only_fixed\MemoryLink02\ml\src\main\java\com\memorylink\controller\AuthController.java
C:\Users\Windows 11\Downloads\MemoryLink02_quizzes_only_fixed\MemoryLink02\ml\src\main\java\com\memorylink\controller\FlashcardController.java
C:\Users\Windows 11\Downloads\MemoryLink02_quizzes_only_fixed\MemoryLink02\ml\src\main\java\com\memorylink\controller\LessonController.java
C:\Users\Windows 11\Downloads\MemoryLink02_quizzes_only_fixed\MemoryLink02\ml\src\main\java\com\memorylink\controller\MainController.java
C:\Users\Windows 11\Downloads\MemoryLink02_quizzes_only_fixed\MemoryLink02\ml\src\main\java\com\memorylink\controller\QuizController.java
C:\Users\Windows 11\Downloads\MemoryLink02_quizzes_only_fixed\MemoryLink02\ml\src\main\java\com\memorylink\controller\StrandController.java
C:\Users\Windows 11\Downloads\MemoryLink02_quizzes_only_fixed\MemoryLink02\ml\src\main\java\com\memorylink\controller\StudentController.java
C:\Users\Windows 11\Downloads\MemoryLink02_quizzes_only_fixed\MemoryLink02\ml\src\main\java\com\memorylink\MemoryLinkApplication.java
C:\Users\Windows 11\Downloads\MemoryLink02_quizzes_only_fixed\MemoryLink02\ml\src\main\java\com\memorylink\model\Flashcard.java
C:\Users\Windows 11\Downloads\MemoryLink02_quizzes_only_fixed\MemoryLink02\ml\src\main\java\com\memorylink\model\Lesson.java
C:\Users\Windows 11\Downloads\MemoryLink02_quizzes_only_fixed\MemoryLink02\ml\src\main\java\com\memorylink\model\Quiz.java
C:\Users\Windows 11\Downloads\MemoryLink02_quizzes_only_fixed\MemoryLink02\ml\src\main\java\com\memorylink\model\Strand.java
C:\Users\Windows 11\Downloads\MemoryLink02_quizzes_only_fixed\MemoryLink02\ml\src\main\java\com\memorylink\model\Student.java
C:\Users\Windows 11\Downloads\MemoryLink02_quizzes_only_fixed\MemoryLink02\ml\src\main\java\com\memorylink\repository\FlashcardRepository.java
C:\Users\Windows 11\Downloads\MemoryLink02_quizzes_only_fixed\MemoryLink02\ml\src\main\java\com\memorylink\repository\LessonRepository.java
C:\Users\Windows 11\Downloads\MemoryLink02_quizzes_only_fixed\MemoryLink02\ml\src\main\java\com\memorylink\repository\QuizRepository.java
C:\Users\Windows 11\Downloads\MemoryLink02_quizzes_only_fixed\MemoryLink02\ml\src\main\java\com\memorylink\repository\StrandRepository.java
C:\Users\Windows 11\Downloads\MemoryLink02_quizzes_only_fixed\MemoryLink02\ml\src\main\java\com\memorylink\repository\StudentRepository.java
C:\Users\Windows 11\Downloads\MemoryLink02_quizzes_only_fixed\MemoryLink02\ml\src\main\java\com\memorylink\service\StudentService.java
